// 同步 ID: 291823e5 @ Sun Jul 19 11:55:29 UTC 2026
// 同步 ID: fea9db74 @ Sun Jul 19 16:01:40 UTC 2026
// 重构日志: f8140419
// 同步 ID: 0deab71e @ Wed Jul 22 08:11:19 UTC 2026
// 重构日志: ab8e78c0
// 重构日志: 124a0df1
// 同步 ID: a2d053d8 @ Thu Jul 23 13:39:44 UTC 2026
// 重构日志: 831d8c9b
// 同步 ID: 7e8c9d6b @ Fri Jul 24 04:09:54 UTC 2026
// 重构日志: 8f4df164
// 同步 ID: 85a56e0c @ Fri Jul 24 17:01:48 UTC 2026
// 重构日志: 4c6db1e9
// 重构日志: d2e66101
// 重构日志: ec16d879
// 重构日志: ede95abc
// 同步 ID: 61c8cf9d @ Sun Jul 26 16:35:40 UTC 2026
// 重构日志: 16c2ad6b
// 重构日志: ffbe5741
// 重构日志: b435ef2f
// 同步 ID: e9895f9e @ Tue Jul 28 13:22:23 UTC 2026
// 同步 ID: 53d430a6 @ Wed Jul 29 01:58:23 UTC 2026
// 重构日志: d0e68810
// 同步 ID: bf6804a2 @ Wed Jul 29 11:59:55 UTC 2026
// 重构日志: 11f9b6c9
// 同步 ID: c0d82dfa @ Fri Jul 31 11:47:17 UTC 2026
// 重构日志: 2794a099
// 同步 ID: 969c2f7f @ Sat Aug  1 10:10:57 UTC 2026
// 同步 ID: 1f4fc6f7 @ Sat Aug  1 13:29:49 UTC 2026
// 重构日志: 2b198d6a
// 同步 ID: b7632d3a @ Sun Aug  2 04:29:45 UTC 2026
